[0m13:16:42.654530 [debug] [MainThread]: Sending event: {'category': 'dbt', 'action': 'invocation', 'label': 'start', 'context': [<snowplow_tracker.self_describing_json.SelfDescribingJson object at 0x000002803EBB4BF0>, <snowplow_tracker.self_describing_json.SelfDescribingJson object at 0x000002803BB132C0>, <snowplow_tracker.self_describing_json.SelfDescribingJson object at 0x000002803E8F91C0>]}


============================== 13:16:42.675117 | 18e415d1-a285-43e3-854a-944919a52df8 ==============================
[0m13:16:42.675117 [info ] [MainThread]: Running with dbt=1.9.4
[0m13:16:42.676320 [debug] [MainThread]: running dbt with arguments {'printer_width': '80', 'indirect_selection': 'eager', 'log_cache_events': 'False', 'write_json': 'True', 'partial_parse': 'True', 'cache_selected_only': 'False', 'warn_error': 'None', 'fail_fast': 'False', 'version_check': 'True', 'log_path': 'logs', 'debug': 'False', 'profiles_dir': 'C:\\Users\\user\\.dbt', 'use_colors': 'True', 'use_experimental_parser': 'False', 'no_print': 'None', 'quiet': 'False', 'empty': 'None', 'log_format': 'default', 'introspect': 'True', 'warn_error_options': 'WarnErrorOptions(include=[], exclude=[])', 'static_parser': 'True', 'target_path': 'None', 'invocation_command': 'dbt init', 'send_anonymous_usage_stats': 'True'}
[0m13:17:09.061404 [debug] [MainThread]: Starter project path: C:\Users\user\AppData\Local\Programs\Python\Python312\Lib\site-packages\dbt\include\starter_project
[0m13:17:09.084757 [info ] [MainThread]: 
Your new dbt project "dbt_snowflake" was created!

For more information on how to configure the profiles.yml file,
please consult the dbt documentation here:

  https://docs.getdbt.com/docs/configure-your-profile

One more thing:

Need help? Don't hesitate to reach out to us via GitHub issues or on Slack:

  https://community.getdbt.com/

Happy modeling!

[0m13:17:09.085758 [info ] [MainThread]: Setting up your profile.
[0m13:17:13.335002 [error] [MainThread]: Encountered an error:

[0m13:17:13.368419 [error] [MainThread]: Traceback (most recent call last):
  File "C:\Users\user\AppData\Local\Programs\Python\Python312\Lib\site-packages\dbt\cli\requires.py", line 153, in wrapper
    result, success = func(*args, **kwargs)
                      ^^^^^^^^^^^^^^^^^^^^^
  File "C:\Users\user\AppData\Local\Programs\Python\Python312\Lib\site-packages\dbt\cli\requires.py", line 103, in wrapper
    return func(*args, **kwargs)
           ^^^^^^^^^^^^^^^^^^^^^
  File "C:\Users\user\AppData\Local\Programs\Python\Python312\Lib\site-packages\dbt\cli\main.py", line 477, in init
    results = task.run()
              ^^^^^^^^^^
  File "C:\Users\user\AppData\Local\Programs\Python\Python312\Lib\site-packages\dbt\task\init.py", line 346, in run
    self.setup_profile(profile_name)
  File "C:\Users\user\AppData\Local\Programs\Python\Python312\Lib\site-packages\dbt\task\init.py", line 261, in setup_profile
    adapter = self.ask_for_adapter_choice()
              ^^^^^^^^^^^^^^^^^^^^^^^^^^^^^
  File "C:\Users\user\AppData\Local\Programs\Python\Python312\Lib\site-packages\dbt\task\init.py", line 242, in ask_for_adapter_choice
    numeric_choice = click.prompt(prompt_msg, type=click.INT)
                     ^^^^^^^^^^^^^^^^^^^^^^^^^^^^^^^^^^^^^^^^
  File "C:\Users\user\AppData\Local\Programs\Python\Python312\Lib\site-packages\click\termui.py", line 164, in prompt
    value = prompt_func(prompt)
            ^^^^^^^^^^^^^^^^^^^
  File "C:\Users\user\AppData\Local\Programs\Python\Python312\Lib\site-packages\click\termui.py", line 147, in prompt_func
    raise Abort() from None
click.exceptions.Abort

[0m13:17:13.370065 [debug] [MainThread]: Command `dbt init` failed at 13:17:13.370065 after 30.89 seconds
[0m13:17:13.371103 [debug] [MainThread]: Sending event: {'category': 'dbt', 'action': 'invocation', 'label': 'end', 'context': [<snowplow_tracker.self_describing_json.SelfDescribingJson object at 0x000002803ECCA4E0>, <snowplow_tracker.self_describing_json.SelfDescribingJson object at 0x000002803ED5BF80>, <snowplow_tracker.self_describing_json.SelfDescribingJson object at 0x000002803E44EAE0>]}
[0m13:17:13.371103 [debug] [MainThread]: Flushing usage events
[0m13:17:15.097923 [debug] [MainThread]: An error was encountered while trying to flush usage events
[0m13:34:55.868210 [debug] [MainThread]: Sending event: {'category': 'dbt', 'action': 'invocation', 'label': 'start', 'context': [<snowplow_tracker.self_describing_json.SelfDescribingJson object at 0x000001B90E659120>, <snowplow_tracker.self_describing_json.SelfDescribingJson object at 0x000001B91045D6C0>, <snowplow_tracker.self_describing_json.SelfDescribingJson object at 0x000001B91045D4E0>]}


============================== 13:34:55.877680 | 3d505f5e-1792-449f-8ac2-211d0eddc66a ==============================
[0m13:34:55.877680 [info ] [MainThread]: Running with dbt=1.9.4
[0m13:34:55.879682 [debug] [MainThread]: running dbt with arguments {'printer_width': '80', 'indirect_selection': 'eager', 'log_cache_events': 'False', 'write_json': 'True', 'partial_parse': 'True', 'cache_selected_only': 'False', 'warn_error': 'None', 'version_check': 'True', 'profiles_dir': 'C:\\Users\\user\\.dbt', 'log_path': 'logs', 'fail_fast': 'False', 'debug': 'False', 'use_colors': 'True', 'use_experimental_parser': 'False', 'no_print': 'None', 'quiet': 'False', 'empty': 'None', 'log_format': 'default', 'invocation_command': 'dbt init', 'warn_error_options': 'WarnErrorOptions(include=[], exclude=[])', 'static_parser': 'True', 'target_path': 'None', 'introspect': 'True', 'send_anonymous_usage_stats': 'True'}
[0m13:36:22.733617 [debug] [MainThread]: Starter project path: C:\Users\user\Documents\Pizza-Sales-Project\env\lib\site-packages\dbt\include\starter_project
[0m13:36:22.759486 [info ] [MainThread]: 
Your new dbt project "dbt_snowflake" was created!

For more information on how to configure the profiles.yml file,
please consult the dbt documentation here:

  https://docs.getdbt.com/docs/configure-your-profile

One more thing:

Need help? Don't hesitate to reach out to us via GitHub issues or on Slack:

  https://community.getdbt.com/

Happy modeling!

[0m13:36:22.760485 [info ] [MainThread]: Setting up your profile.
[0m13:39:33.256154 [info ] [MainThread]: Profile dbt_snowflake written to C:\Users\user\.dbt\profiles.yml using target's profile_template.yml and your supplied values. Run 'dbt debug' to validate the connection.
[0m13:39:33.262892 [debug] [MainThread]: Command `dbt init` succeeded at 13:39:33.262892 after 277.58 seconds
[0m13:39:33.263900 [debug] [MainThread]: Sending event: {'category': 'dbt', 'action': 'invocation', 'label': 'end', 'context': [<snowplow_tracker.self_describing_json.SelfDescribingJson object at 0x000001B90E659120>, <snowplow_tracker.self_describing_json.SelfDescribingJson object at 0x000001B91045DD80>, <snowplow_tracker.self_describing_json.SelfDescribingJson object at 0x000001B91045D3F0>]}
[0m13:39:33.263900 [debug] [MainThread]: Flushing usage events
[0m13:39:34.916930 [debug] [MainThread]: An error was encountered while trying to flush usage events
[0m13:59:20.012833 [debug] [MainThread]: Sending event: {'category': 'dbt', 'action': 'invocation', 'label': 'start', 'context': [<snowplow_tracker.self_describing_json.SelfDescribingJson object at 0x000001B3D4849120>, <snowplow_tracker.self_describing_json.SelfDescribingJson object at 0x000001B3D655D720>, <snowplow_tracker.self_describing_json.SelfDescribingJson object at 0x000001B3D655D540>]}


============================== 13:59:20.012833 | 9f0a69d0-f9b2-4679-ae72-cc2b3776d0f6 ==============================
[0m13:59:20.012833 [info ] [MainThread]: Running with dbt=1.9.4
[0m13:59:20.012833 [debug] [MainThread]: running dbt with arguments {'printer_width': '80', 'indirect_selection': 'eager', 'log_cache_events': 'False', 'write_json': 'True', 'partial_parse': 'True', 'cache_selected_only': 'False', 'profiles_dir': 'C:\\Users\\user\\.dbt', 'version_check': 'True', 'warn_error': 'None', 'log_path': 'logs', 'debug': 'False', 'fail_fast': 'False', 'use_colors': 'True', 'use_experimental_parser': 'False', 'empty': 'None', 'quiet': 'False', 'no_print': 'None', 'warn_error_options': 'WarnErrorOptions(include=[], exclude=[])', 'static_parser': 'True', 'invocation_command': 'dbt init dbt_snowflake_project', 'log_format': 'default', 'target_path': 'None', 'introspect': 'True', 'send_anonymous_usage_stats': 'True'}
[0m13:59:20.029501 [debug] [MainThread]: Starter project path: C:\Users\user\Documents\Pizza-Sales-Project\env\lib\site-packages\dbt\include\starter_project
[0m13:59:20.063976 [info ] [MainThread]: 
Your new dbt project "dbt_snowflake_project" was created!

For more information on how to configure the profiles.yml file,
please consult the dbt documentation here:

  https://docs.getdbt.com/docs/configure-your-profile

One more thing:

Need help? Don't hesitate to reach out to us via GitHub issues or on Slack:

  https://community.getdbt.com/

Happy modeling!

[0m13:59:20.063976 [info ] [MainThread]: Setting up your profile.
[0m14:01:04.067190 [info ] [MainThread]: Profile dbt_snowflake_project written to C:\Users\user\.dbt\profiles.yml using target's profile_template.yml and your supplied values. Run 'dbt debug' to validate the connection.
[0m14:01:04.068813 [debug] [MainThread]: Command `dbt init` succeeded at 14:01:04.068813 after 104.19 seconds
[0m14:01:04.069857 [debug] [MainThread]: Sending event: {'category': 'dbt', 'action': 'invocation', 'label': 'end', 'context': [<snowplow_tracker.self_describing_json.SelfDescribingJson object at 0x000001B3D4849120>, <snowplow_tracker.self_describing_json.SelfDescribingJson object at 0x000001B3D655D4E0>, <snowplow_tracker.self_describing_json.SelfDescribingJson object at 0x000001B3D602D900>]}
[0m14:01:04.069857 [debug] [MainThread]: Flushing usage events
[0m14:01:05.731957 [debug] [MainThread]: An error was encountered while trying to flush usage events
[0m14:02:11.636460 [debug] [MainThread]: Sending event: {'category': 'dbt', 'action': 'invocation', 'label': 'start', 'context': [<snowplow_tracker.self_describing_json.SelfDescribingJson object at 0x0000024DA9149090>, <snowplow_tracker.self_describing_json.SelfDescribingJson object at 0x0000024DA9E618D0>, <snowplow_tracker.self_describing_json.SelfDescribingJson object at 0x0000024DA9E616F0>]}


============================== 14:02:11.642122 | 349c68fb-8a79-4aa3-a3bb-01ba48f68add ==============================
[0m14:02:11.642122 [info ] [MainThread]: Running with dbt=1.9.4
[0m14:02:11.642122 [debug] [MainThread]: running dbt with arguments {'printer_width': '80', 'indirect_selection': 'eager', 'write_json': 'True', 'log_cache_events': 'False', 'partial_parse': 'True', 'cache_selected_only': 'False', 'warn_error': 'None', 'fail_fast': 'False', 'profiles_dir': 'C:\\Users\\user\\.dbt', 'log_path': 'logs', 'debug': 'False', 'version_check': 'True', 'use_colors': 'True', 'use_experimental_parser': 'False', 'no_print': 'None', 'quiet': 'False', 'empty': 'None', 'warn_error_options': 'WarnErrorOptions(include=[], exclude=[])', 'static_parser': 'True', 'invocation_command': 'dbt test', 'log_format': 'default', 'target_path': 'None', 'introspect': 'True', 'send_anonymous_usage_stats': 'True'}
[0m14:02:11.642122 [error] [MainThread]: Encountered an error:
Runtime Error
  No dbt_project.yml found at expected path C:\Users\user\Documents\Pizza-Sales-Project\dbt_project.yml
  Verify that each entry within packages.yml (and their transitive dependencies) contains a file named dbt_project.yml
  
[0m14:02:11.642122 [debug] [MainThread]: Command `dbt test` failed at 14:02:11.642122 after 0.15 seconds
[0m14:02:11.642122 [debug] [MainThread]: Sending event: {'category': 'dbt', 'action': 'invocation', 'label': 'end', 'context': [<snowplow_tracker.self_describing_json.SelfDescribingJson object at 0x0000024DA9149090>, <snowplow_tracker.self_describing_json.SelfDescribingJson object at 0x0000024DA9E616F0>, <snowplow_tracker.self_describing_json.SelfDescribingJson object at 0x0000024DA9E61990>]}
[0m14:02:11.642122 [debug] [MainThread]: Flushing usage events
[0m14:02:13.775819 [debug] [MainThread]: An error was encountered while trying to flush usage events
